// Jest Snapshot v1, https://goo.gl/fbAQLP

exports[`app > overall-information > overall-information.component.spec.ts should match snapshot 1`] = `
<app-overall-information
  TOP_BEST_MOVIES={[Function String]}
  TOP_BEST_MOVIES_YEAR={[Function String]}
  YEAR={[Function Number]}
  __isFetching$__selector={[Function Observable]}
  __isFetchingBestMovies$__selector={[Function Observable]}
  agGrid="undefined"
  alive={[Function Boolean]}
  router={[Function Router]}
  store={[Function Store]}
>
  <nb-spinner
    class="spinner size-medium status-basic nb-spinner-container"
    status="basic"
  >
    <span
      class="spin-circle"
    />
    <span
      class="message"
    >
      Loading...
    </span>
    <nb-spinner
      class="size-medium status-basic"
    >
      <span
        class="spin-circle"
      />
    </nb-spinner>
  </nb-spinner>
</app-overall-information>
`;
