// Jest Snapshot v1, https://goo.gl/fbAQLP

exports[`app > overall-information > overall-information.component.spec.ts should match snapshot 1`] = `
<app-overall-information
  LIST_MOVIES_RATING={[Function String]}
  LIST_MOVIES_YEAR={[Function String]}
  RANDOMLY_RATING={[Function Number]}
  RATING_SEARCHED={[Function Number]}
  TOP_BEST_MOVIES={[Function String]}
  YEAR_NOW={[Function Number]}
  YEAR_SEARCHED={[Function Number]}
  __isFetching$__selector={[Function Observable]}
  alive={[Function Boolean]}
  authService={[Function AuthService]}
  moviesByRatingIsFiltered="false"
  moviesByRatingPlaceHolder={[Function String]}
  moviesByYearIsFiltered="false"
  moviesByYearPlaceHolder={[Function String]}
  nbToastrService={[Function NbToastrService]}
  router={[Function Router]}
  store={[Function Store]}
  user="null"
>
  <nb-spinner
    class="spinner size-medium status-basic"
    status="basic"
  >
    <span
      class="spin-circle"
    />
    <span
      class="message"
    >
      Loading...
    </span>
  </nb-spinner>
</app-overall-information>
`;
