// Jest Snapshot v1, https://goo.gl/fbAQLP

exports[`app > information > movies > movies.component.spec.ts should match snapshot 1`] = `
<app-movies
  __isFetching$__selector={[Function Observable]}
  nbToastrService={[Function NbToastrService]}
  placeHolder={[Function String]}
  router={[Function Router]}
  store={[Function Store]}
>
  <nb-spinner
    class="spinner size-medium status-basic"
    status="basic"
  >
    <span
      class="spin-circle"
    />
    <span
      class="message"
    >
      Loading...
    </span>
  </nb-spinner>
</app-movies>
`;
