// Jest Snapshot v1, https://goo.gl/fbAQLP

exports[`app > information > movies > movies.component.spec.ts should match snapshot 1`] = `
<app-movies
  __isFetching$__selector={[Function Observable]}
  __isFiltered$__selector={[Function Observable]}
  __moviesDisplayed$__selector={[Function Observable]}
  nbToastrService={[Function NbToastrService]}
  router={[Function Router]}
  store={[Function Store]}
>
  <nb-card>
    <nb-card-header>
      <bm-search />
    </nb-card-header>
    <nb-card-body>
      <nb-list
        class="movie-container"
        listenwindowscroll=""
        nbinfinitelist=""
        role="list"
      >
      </nb-list>
    </nb-card-body>
  </nb-card>
</app-movies>
`;
