// Jest Snapshot v1, https://goo.gl/fbAQLP

exports[`app > user-list > favourite-list > favourite-list.component.spec.ts should match snapshot 1`] = `
<app-favourite-list
  __isFetching$__selector={[Function Observable]}
  __isFiltered$__selector={[Function Observable]}
  __movies$__selector={[Function Observable]}
  alive={[Function Boolean]}
  authService={[Function AuthService]}
  router={[Function Router]}
  store={[Function Object]}
  user="null"
  usersFavouriteMoviesPlaceholder={[Function String]}
>
  <div
    class="favourite-list"
  >
    <div
      class="best-movies"
    >
      <nb-card>
        <nb-card-header>
          <span
            class="title"
          >
             Favourite list of movies 
          </span>
          <div
            class="right-side"
          >
            <bm-search />
          </div>
        </nb-card-header>
        <nb-card-body>
        </nb-card-body>
      </nb-card>
    </div>
  </div>
</app-favourite-list>
`;
