// Jest Snapshot v1, https://goo.gl/fbAQLP

exports[`app > information > people > people.component.spec.ts should match snapshot 1`] = `
<app-people
  __isFetching$__selector={[Function Observable]}
  __isFiltered$__selector={[Function Observable]}
  __people$__selector={[Function Observable]}
  agGrid={[Function AgGridAngular]}
  alive={[Function Boolean]}
  columnDefs={[Function Array]}
  components={[Function Object]}
  defaultColDef={[Function Object]}
  gridApi={[Function GridApi]}
  gridColumnApi={[Function ColumnApi]}
  searchService={[Function NbSearchService]}
  store={[Function Store]}
>
  <nb-card
    accent="info"
    class="accent accent-info"
  >
    <nb-card-header>
      <nb-search
        type="rotate-layout"
      >
        <button
          aria-disabled="false"
          class="start-search appearance-ghost size-medium shape-rectangle icon-start icon-end status-basic nb-transition"
          ghost=""
          nbbutton=""
          tabindex="0"
        >
          <nb-icon
            icon="search-outline"
            pack="nebular-essentials"
          >
            <svg
              fill="currentColor"
              height="100%"
              viewBox="0 0 24 24"
              width="100%"
              xmlns="http://www.w3.org/2000/svg"
            >
              <g
                data-name="Layer 2"
              >
                <g
                  data-name="search"
                >
                  <rect
                    height="24"
                    opacity="0"
                    width="24"
                  />
                  <path
                    d="M20.71 19.29l-3.4-3.39A7.92 7.92 0 0 0 19 11a8 8 0 1 0-8 8 7.92 7.92 0 0 0 4.9-1.69l3.39 3.4a1 1 0 0 0 1.42 0 1 1 0 0 0 0-1.42zM5 11a6 6 0 1 1 6 6 6 6 0 0 1-6-6z"
                  />
                </g>
              </g>
            </svg>
          </nb-icon>
        </button>
      </nb-search>
    </nb-card-header>
    <nb-card-body>
      <ag-grid-angular
        class="ag-theme-alpine"
        style="width: 100%; height: 70vh;"
      >
        <div
          class="ag-root-wrapper ag-layout-normal ag-ltr"
          role="presentation"
        >
          <div
            class="ag-root-wrapper-body ag-layout-normal ag-focus-managed"
            ref="rootWrapperBody"
            role="presentation"
          >
            <div
              class="ag-tab-guard ag-tab-guard-top"
              role="presentation"
              tabindex="0"
            />
            <div
              aria-colcount="4"
              aria-multiselectable="true"
              aria-rowcount="8"
              class="ag-root ag-unselectable ag-layout-normal"
              ref="gridBody"
              role="treegrid"
            >
              <div
                class="ag-header ag-focus-managed ag-pivot-off"
                ref="gridHeader"
                role="presentation"
                style="height: 49px; min-height: 49px;"
              >
                <div
                  aria-hidden="true"
                  class="ag-pinned-left-header ag-hidden"
                  role="presentation"
                  style="width: 0px; max-width: 0px; min-width: 0px;"
                />
                <div
                  class="ag-header-viewport"
                  role="presentation"
                >
                  <div
                    class="ag-header-container"
                    ref="eCenterContainer"
                    role="rowgroup"
                    style="width: 800px;"
                  >
                    <div
                      aria-rowindex="1"
                      class="ag-header-row ag-header-row-column"
                      role="row"
                      style="top: 0px; height: 48px; width: 800px;"
                    >
                      <div
                        aria-colindex="1"
                        aria-description="Press ENTER to sort. Press CTRL ENTER to open column menu."
                        aria-sort="none"
                        class="ag-header-cell ag-header-cell-sortable ag-focus-managed"
                        col-id="movies"
                        role="columnheader"
                        style="width: 200px; left: 0px;"
                        tabindex="-1"
                      >
                        <div
                          aria-hidden="true"
                          class="ag-header-cell-resize ag-hidden"
                          ref="eResize"
                          role="presentation"
                        />
                        <div
                          aria-hidden="true"
                          class="ag-labeled ag-label-align-right ag-checkbox ag-input-field ag-header-select-all ag-hidden"
                          role="presentation"
                        >
                          <div
                            aria-hidden="true"
                            class="ag-input-field-label ag-label ag-hidden ag-checkbox-label"
                            ref="eLabel"
                            role="presentation"
                          />
                          <div
                            class="ag-wrapper ag-input-wrapper ag-checkbox-input-wrapper"
                            ref="eWrapper"
                            role="presentation"
                          >
                            <input
                              class="ag-input-field-input ag-checkbox-input"
                              id="ag-28-input"
                              ref="eInput"
                              tabindex="-1"
                              type="checkbox"
                            />
                          </div>
                        </div>
                        <div
                          class="ag-header-cell-comp-wrapper"
                          ref="eHeaderCompWrapper"
                          role="presentation"
                        >
                          <div
                            class="ag-cell-label-container"
                            role="presentation"
                          >
                            <span
                              aria-hidden="true"
                              class="ag-header-icon ag-header-cell-menu-button"
                              ref="eMenu"
                            >
                              <span
                                class="ag-icon ag-icon-menu"
                                role="presentation"
                                unselectable="on"
                              />
                            </span>
                            <div
                              class="ag-header-cell-label"
                              ref="eLabel"
                              role="presentation"
                            >
                              <span
                                class="ag-header-cell-text"
                                ref="eText"
                              >
                                Movies
                              </span>
                              <span
                                aria-hidden="true"
                                class="ag-header-icon ag-header-label-icon ag-filter-icon ag-hidden"
                                ref="eFilter"
                              >
                                <span
                                  class="ag-icon ag-icon-filter"
                                  role="presentation"
                                  unselectable="on"
                                />
                              </span>
                              <span
                                class="ag-sort-indicator-container"
                                ref="eSortIndicator"
                              >
                                <span
                                  aria-hidden="true"
                                  class="ag-sort-indicator-icon ag-sort-order ag-hidden"
                                  ref="eSortOrder"
                                />
                                <span
                                  aria-hidden="true"
                                  class="ag-sort-indicator-icon ag-sort-ascending-icon ag-hidden"
                                  ref="eSortAsc"
                                >
                                  <span
                                    class="ag-icon ag-icon-asc"
                                    role="presentation"
                                    unselectable="on"
                                  />
                                </span>
                                <span
                                  aria-hidden="true"
                                  class="ag-sort-indicator-icon ag-sort-descending-icon ag-hidden"
                                  ref="eSortDesc"
                                >
                                  <span
                                    class="ag-icon ag-icon-desc"
                                    role="presentation"
                                    unselectable="on"
                                  />
                                </span>
                                <span
                                  aria-hidden="true"
                                  class="ag-sort-indicator-icon ag-sort-mixed-icon ag-hidden"
                                  ref="eSortMixed"
                                >
                                  <span
                                    class="ag-icon ag-icon-none"
                                    role="presentation"
                                    unselectable="on"
                                  />
                                </span>
                                <span
                                  aria-hidden="true"
                                  class="ag-sort-indicator-icon ag-sort-none-icon ag-hidden"
                                  ref="eSortNone"
                                >
                                  <span
                                    class="ag-icon ag-icon-none"
                                    role="presentation"
                                    unselectable="on"
                                  />
                                </span>
                              </span>
                            </div>
                          </div>
                        </div>
                      </div>
                      <div
                        aria-colindex="2"
                        aria-description="Press ENTER to sort. Press CTRL ENTER to open column menu."
                        aria-sort="none"
                        class="ag-header-cell ag-header-cell-sortable ag-focus-managed"
                        col-id="id"
                        role="columnheader"
                        style="width: 200px; left: 200px;"
                        tabindex="-1"
                      >
                        <div
                          aria-hidden="true"
                          class="ag-header-cell-resize ag-hidden"
                          ref="eResize"
                          role="presentation"
                        />
                        <div
                          aria-hidden="true"
                          class="ag-labeled ag-label-align-right ag-checkbox ag-input-field ag-header-select-all ag-hidden"
                          role="presentation"
                        >
                          <div
                            aria-hidden="true"
                            class="ag-input-field-label ag-label ag-hidden ag-checkbox-label"
                            ref="eLabel"
                            role="presentation"
                          />
                          <div
                            class="ag-wrapper ag-input-wrapper ag-checkbox-input-wrapper"
                            ref="eWrapper"
                            role="presentation"
                          >
                            <input
                              class="ag-input-field-input ag-checkbox-input"
                              id="ag-32-input"
                              ref="eInput"
                              tabindex="-1"
                              type="checkbox"
                            />
                          </div>
                        </div>
                        <div
                          class="ag-header-cell-comp-wrapper"
                          ref="eHeaderCompWrapper"
                          role="presentation"
                        >
                          <div
                            class="ag-cell-label-container"
                            role="presentation"
                          >
                            <span
                              aria-hidden="true"
                              class="ag-header-icon ag-header-cell-menu-button"
                              ref="eMenu"
                            >
                              <span
                                class="ag-icon ag-icon-menu"
                                role="presentation"
                                unselectable="on"
                              />
                            </span>
                            <div
                              class="ag-header-cell-label"
                              ref="eLabel"
                              role="presentation"
                            >
                              <span
                                class="ag-header-cell-text"
                                ref="eText"
                              >
                                Id
                              </span>
                              <span
                                aria-hidden="true"
                                class="ag-header-icon ag-header-label-icon ag-filter-icon ag-hidden"
                                ref="eFilter"
                              >
                                <span
                                  class="ag-icon ag-icon-filter"
                                  role="presentation"
                                  unselectable="on"
                                />
                              </span>
                              <span
                                class="ag-sort-indicator-container"
                                ref="eSortIndicator"
                              >
                                <span
                                  aria-hidden="true"
                                  class="ag-sort-indicator-icon ag-sort-order ag-hidden"
                                  ref="eSortOrder"
                                />
                                <span
                                  aria-hidden="true"
                                  class="ag-sort-indicator-icon ag-sort-ascending-icon ag-hidden"
                                  ref="eSortAsc"
                                >
                                  <span
                                    class="ag-icon ag-icon-asc"
                                    role="presentation"
                                    unselectable="on"
                                  />
                                </span>
                                <span
                                  aria-hidden="true"
                                  class="ag-sort-indicator-icon ag-sort-descending-icon ag-hidden"
                                  ref="eSortDesc"
                                >
                                  <span
                                    class="ag-icon ag-icon-desc"
                                    role="presentation"
                                    unselectable="on"
                                  />
                                </span>
                                <span
                                  aria-hidden="true"
                                  class="ag-sort-indicator-icon ag-sort-mixed-icon ag-hidden"
                                  ref="eSortMixed"
                                >
                                  <span
                                    class="ag-icon ag-icon-none"
                                    role="presentation"
                                    unselectable="on"
                                  />
                                </span>
                                <span
                                  aria-hidden="true"
                                  class="ag-sort-indicator-icon ag-sort-none-icon ag-hidden"
                                  ref="eSortNone"
                                >
                                  <span
                                    class="ag-icon ag-icon-none"
                                    role="presentation"
                                    unselectable="on"
                                  />
                                </span>
                              </span>
                            </div>
                          </div>
                        </div>
                      </div>
                      <div
                        aria-colindex="3"
                        aria-description="Press ENTER to sort. Press CTRL ENTER to open column menu."
                        aria-sort="none"
                        class="ag-header-cell ag-header-cell-sortable ag-focus-managed"
                        col-id="name"
                        role="columnheader"
                        style="width: 200px; left: 400px;"
                        tabindex="-1"
                      >
                        <div
                          aria-hidden="true"
                          class="ag-header-cell-resize ag-hidden"
                          ref="eResize"
                          role="presentation"
                        />
                        <div
                          aria-hidden="true"
                          class="ag-labeled ag-label-align-right ag-checkbox ag-input-field ag-header-select-all ag-hidden"
                          role="presentation"
                        >
                          <div
                            aria-hidden="true"
                            class="ag-input-field-label ag-label ag-hidden ag-checkbox-label"
                            ref="eLabel"
                            role="presentation"
                          />
                          <div
                            class="ag-wrapper ag-input-wrapper ag-checkbox-input-wrapper"
                            ref="eWrapper"
                            role="presentation"
                          >
                            <input
                              class="ag-input-field-input ag-checkbox-input"
                              id="ag-36-input"
                              ref="eInput"
                              tabindex="-1"
                              type="checkbox"
                            />
                          </div>
                        </div>
                        <div
                          class="ag-header-cell-comp-wrapper"
                          ref="eHeaderCompWrapper"
                          role="presentation"
                        >
                          <div
                            class="ag-cell-label-container"
                            role="presentation"
                          >
                            <span
                              aria-hidden="true"
                              class="ag-header-icon ag-header-cell-menu-button"
                              ref="eMenu"
                            >
                              <span
                                class="ag-icon ag-icon-menu"
                                role="presentation"
                                unselectable="on"
                              />
                            </span>
                            <div
                              class="ag-header-cell-label"
                              ref="eLabel"
                              role="presentation"
                            >
                              <span
                                class="ag-header-cell-text"
                                ref="eText"
                              >
                                Name
                              </span>
                              <span
                                aria-hidden="true"
                                class="ag-header-icon ag-header-label-icon ag-filter-icon ag-hidden"
                                ref="eFilter"
                              >
                                <span
                                  class="ag-icon ag-icon-filter"
                                  role="presentation"
                                  unselectable="on"
                                />
                              </span>
                              <span
                                class="ag-sort-indicator-container"
                                ref="eSortIndicator"
                              >
                                <span
                                  aria-hidden="true"
                                  class="ag-sort-indicator-icon ag-sort-order ag-hidden"
                                  ref="eSortOrder"
                                />
                                <span
                                  aria-hidden="true"
                                  class="ag-sort-indicator-icon ag-sort-ascending-icon ag-hidden"
                                  ref="eSortAsc"
                                >
                                  <span
                                    class="ag-icon ag-icon-asc"
                                    role="presentation"
                                    unselectable="on"
                                  />
                                </span>
                                <span
                                  aria-hidden="true"
                                  class="ag-sort-indicator-icon ag-sort-descending-icon ag-hidden"
                                  ref="eSortDesc"
                                >
                                  <span
                                    class="ag-icon ag-icon-desc"
                                    role="presentation"
                                    unselectable="on"
                                  />
                                </span>
                                <span
                                  aria-hidden="true"
                                  class="ag-sort-indicator-icon ag-sort-mixed-icon ag-hidden"
                                  ref="eSortMixed"
                                >
                                  <span
                                    class="ag-icon ag-icon-none"
                                    role="presentation"
                                    unselectable="on"
                                  />
                                </span>
                                <span
                                  aria-hidden="true"
                                  class="ag-sort-indicator-icon ag-sort-none-icon ag-hidden"
                                  ref="eSortNone"
                                >
                                  <span
                                    class="ag-icon ag-icon-none"
                                    role="presentation"
                                    unselectable="on"
                                  />
                                </span>
                              </span>
                            </div>
                          </div>
                        </div>
                      </div>
                      <div
                        aria-colindex="4"
                        aria-description="Press ENTER to sort. Press CTRL ENTER to open column menu."
                        aria-sort="none"
                        class="ag-header-cell ag-header-cell-sortable ag-focus-managed"
                        col-id="birth"
                        role="columnheader"
                        style="width: 200px; left: 600px;"
                        tabindex="-1"
                      >
                        <div
                          aria-hidden="true"
                          class="ag-header-cell-resize ag-hidden"
                          ref="eResize"
                          role="presentation"
                        />
                        <div
                          aria-hidden="true"
                          class="ag-labeled ag-label-align-right ag-checkbox ag-input-field ag-header-select-all ag-hidden"
                          role="presentation"
                        >
                          <div
                            aria-hidden="true"
                            class="ag-input-field-label ag-label ag-hidden ag-checkbox-label"
                            ref="eLabel"
                            role="presentation"
                          />
                          <div
                            class="ag-wrapper ag-input-wrapper ag-checkbox-input-wrapper"
                            ref="eWrapper"
                            role="presentation"
                          >
                            <input
                              class="ag-input-field-input ag-checkbox-input"
                              id="ag-40-input"
                              ref="eInput"
                              tabindex="-1"
                              type="checkbox"
                            />
                          </div>
                        </div>
                        <div
                          class="ag-header-cell-comp-wrapper"
                          ref="eHeaderCompWrapper"
                          role="presentation"
                        >
                          <div
                            class="ag-cell-label-container"
                            role="presentation"
                          >
                            <span
                              aria-hidden="true"
                              class="ag-header-icon ag-header-cell-menu-button"
                              ref="eMenu"
                            >
                              <span
                                class="ag-icon ag-icon-menu"
                                role="presentation"
                                unselectable="on"
                              />
                            </span>
                            <div
                              class="ag-header-cell-label"
                              ref="eLabel"
                              role="presentation"
                            >
                              <span
                                class="ag-header-cell-text"
                                ref="eText"
                              >
                                Birth
                              </span>
                              <span
                                aria-hidden="true"
                                class="ag-header-icon ag-header-label-icon ag-filter-icon ag-hidden"
                                ref="eFilter"
                              >
                                <span
                                  class="ag-icon ag-icon-filter"
                                  role="presentation"
                                  unselectable="on"
                                />
                              </span>
                              <span
                                class="ag-sort-indicator-container"
                                ref="eSortIndicator"
                              >
                                <span
                                  aria-hidden="true"
                                  class="ag-sort-indicator-icon ag-sort-order ag-hidden"
                                  ref="eSortOrder"
                                />
                                <span
                                  aria-hidden="true"
                                  class="ag-sort-indicator-icon ag-sort-ascending-icon ag-hidden"
                                  ref="eSortAsc"
                                >
                                  <span
                                    class="ag-icon ag-icon-asc"
                                    role="presentation"
                                    unselectable="on"
                                  />
                                </span>
                                <span
                                  aria-hidden="true"
                                  class="ag-sort-indicator-icon ag-sort-descending-icon ag-hidden"
                                  ref="eSortDesc"
                                >
                                  <span
                                    class="ag-icon ag-icon-desc"
                                    role="presentation"
                                    unselectable="on"
                                  />
                                </span>
                                <span
                                  aria-hidden="true"
                                  class="ag-sort-indicator-icon ag-sort-mixed-icon ag-hidden"
                                  ref="eSortMixed"
                                >
                                  <span
                                    class="ag-icon ag-icon-none"
                                    role="presentation"
                                    unselectable="on"
                                  />
                                </span>
                                <span
                                  aria-hidden="true"
                                  class="ag-sort-indicator-icon ag-sort-none-icon ag-hidden"
                                  ref="eSortNone"
                                >
                                  <span
                                    class="ag-icon ag-icon-none"
                                    role="presentation"
                                    unselectable="on"
                                  />
                                </span>
                              </span>
                            </div>
                          </div>
                        </div>
                      </div>
                    </div>
                  </div>
                </div>
                <div
                  aria-hidden="true"
                  class="ag-pinned-right-header ag-hidden"
                  role="presentation"
                  style="width: 0px; max-width: 0px; min-width: 0px;"
                />
              </div>
              <div
                class="ag-floating-top"
                ref="eTop"
                role="presentation"
                style="min-height: 0px; height: 0px; display: none; overflow-y: hidden;"
              >
                <div
                  aria-hidden="true"
                  class="ag-pinned-left-floating-top ag-hidden"
                  name="topLeft"
                  ref="topLeftContainer"
                  role="presentation"
                  style="width: 0px; max-width: 0px; min-width: 0px;"
                />
                <div
                  class="ag-floating-top-viewport"
                  name="topCenter"
                  ref="topCenterContainer"
                  role="presentation"
                >
                  <div
                    class="ag-floating-top-container"
                    ref="eContainer"
                    role="presentation"
                    style="width: 800px;"
                  />
                </div>
                <div
                  aria-hidden="true"
                  class="ag-pinned-right-floating-top ag-hidden"
                  name="topRight"
                  ref="topRightContainer"
                  role="presentation"
                  style="width: 0px; max-width: 0px; min-width: 0px;"
                />
                <div
                  class="ag-floating-top-full-width-container"
                  name="topFullWidth"
                  ref="topFullWidthContainer"
                  role="presentation"
                />
              </div>
              <div
                class="ag-body ag-layout-normal"
                ref="eBody"
                role="presentation"
              >
                <div
                  class="ag-body-clipper ag-layout-normal"
                  ref="eBodyClipper"
                  role="presentation"
                >
                  <div
                    class="ag-body-viewport ag-layout-normal ag-row-animation"
                    ref="eBodyViewport"
                    role="presentation"
                    style="width: calc(100% + 0px);"
                  >
                    <div
                      aria-hidden="true"
                      class="ag-pinned-left-cols-container ag-hidden"
                      name="left"
                      ref="leftContainer"
                      role="presentation"
                      style="height: 294px; width: 0px; max-width: 0px; min-width: 0px;"
                    />
                    <div
                      class="ag-center-cols-clipper"
                      name="center"
                      ref="centerContainer"
                      role="presentation"
                      style="height: 294px;"
                    >
                      <div
                        class="ag-center-cols-viewport"
                        ref="eViewport"
                        role="presentation"
                        style="height: 100%;"
                      >
                        <div
                          class="ag-center-cols-container"
                          ref="eContainer"
                          role="rowgroup"
                          style="width: 800px; height: 294px;"
                        >
                          <div
                            aria-label="Press SPACE to select this row."
                            aria-rowindex="2"
                            class="ag-row-even ag-row-no-focus ag-row-not-inline-editing ag-row ag-row-level-0 ag-row-position-absolute ag-row-first"
                            comp-id="43"
                            role="row"
                            row-id="0"
                            row-index="0"
                            style="transform: translateY(0px); height: 42px;"
                          >
                            <div
                              aria-colindex="1"
                              class="ag-cell ag-cell-not-inline-editing ag-cell-auto-height"
                              col-id="movies"
                              comp-id="44"
                              role="gridcell"
                              style="left: 0px; width: 200px;"
                              tabindex="-1"
                            >
                              <div
                                class="ag-cell-wrapper"
                                role="presentation"
                              >
                                <span
                                  class="ag-cell-value"
                                  role="presentation"
                                >
                                  <movies-cell>
                                    <div>
                                      <span>
                                        La tierra de los toros from 2000
                                      </span>
                                    </div>
                                    <div>
                                      <span>
                                         from 
                                      </span>
                                    </div>
                                  </movies-cell>
                                </span>
                              </div>
                            </div>
                            <div
                              aria-colindex="2"
                              class="ag-cell-value ag-cell ag-cell-not-inline-editing ag-cell-normal-height"
                              col-id="id"
                              comp-id="45"
                              role="gridcell"
                              style="left: 200px; width: 200px;"
                              tabindex="-1"
                            >
                              1
                            </div>
                            <div
                              aria-colindex="3"
                              class="ag-cell-value ag-cell ag-cell-not-inline-editing ag-cell-normal-height"
                              col-id="name"
                              comp-id="46"
                              role="gridcell"
                              style="left: 400px; width: 200px;"
                              tabindex="-1"
                            >
                              Fred Astaire
                            </div>
                            <div
                              aria-colindex="4"
                              class="ag-cell-value ag-cell ag-cell-not-inline-editing ag-cell-normal-height"
                              col-id="birth"
                              comp-id="47"
                              role="gridcell"
                              style="left: 600px; width: 200px;"
                              tabindex="-1"
                            >
                              1899
                            </div>
                          </div>
                          <div
                            aria-label="Press SPACE to select this row."
                            aria-rowindex="3"
                            class="ag-row-odd ag-row-no-focus ag-row-not-inline-editing ag-row ag-row-level-0 ag-row-position-absolute"
                            comp-id="48"
                            role="row"
                            row-id="1"
                            row-index="1"
                            style="transform: translateY(42px); height: 42px;"
                          >
                            <div
                              aria-colindex="1"
                              class="ag-cell ag-cell-not-inline-editing ag-cell-auto-height"
                              col-id="movies"
                              comp-id="49"
                              role="gridcell"
                              style="left: 0px; width: 200px;"
                              tabindex="-1"
                            >
                              <div
                                class="ag-cell-wrapper"
                                role="presentation"
                              >
                                <span
                                  class="ag-cell-value"
                                  role="presentation"
                                >
                                  <movies-cell>
                                    <div>
                                      <span>
                                         from 
                                      </span>
                                    </div>
                                    <div>
                                      <span>
                                         from 
                                      </span>
                                    </div>
                                  </movies-cell>
                                </span>
                              </div>
                            </div>
                            <div
                              aria-colindex="2"
                              class="ag-cell-value ag-cell ag-cell-not-inline-editing ag-cell-normal-height"
                              col-id="id"
                              comp-id="50"
                              role="gridcell"
                              style="left: 200px; width: 200px;"
                              tabindex="-1"
                            >
                              2
                            </div>
                            <div
                              aria-colindex="3"
                              class="ag-cell-value ag-cell ag-cell-not-inline-editing ag-cell-normal-height"
                              col-id="name"
                              comp-id="51"
                              role="gridcell"
                              style="left: 400px; width: 200px;"
                              tabindex="-1"
                            >
                              Lauren Bacall
                            </div>
                            <div
                              aria-colindex="4"
                              class="ag-cell-value ag-cell ag-cell-not-inline-editing ag-cell-normal-height"
                              col-id="birth"
                              comp-id="52"
                              role="gridcell"
                              style="left: 600px; width: 200px;"
                              tabindex="-1"
                            >
                              1924
                            </div>
                          </div>
                          <div
                            aria-label="Press SPACE to select this row."
                            aria-rowindex="4"
                            class="ag-row-even ag-row-no-focus ag-row-not-inline-editing ag-row ag-row-level-0 ag-row-position-absolute"
                            comp-id="53"
                            role="row"
                            row-id="2"
                            row-index="2"
                            style="transform: translateY(84px); height: 42px;"
                          >
                            <div
                              aria-colindex="1"
                              class="ag-cell ag-cell-not-inline-editing ag-cell-auto-height"
                              col-id="movies"
                              comp-id="54"
                              role="gridcell"
                              style="left: 0px; width: 200px;"
                              tabindex="-1"
                            >
                              <div
                                class="ag-cell-wrapper"
                                role="presentation"
                              >
                                <span
                                  class="ag-cell-value"
                                  role="presentation"
                                >
                                  <movies-cell>
                                    <div>
                                      <span>
                                        La tierra de los toros from 2000
                                      </span>
                                    </div>
                                    <div>
                                      <span>
                                         from 
                                      </span>
                                    </div>
                                  </movies-cell>
                                </span>
                              </div>
                            </div>
                            <div
                              aria-colindex="2"
                              class="ag-cell-value ag-cell ag-cell-not-inline-editing ag-cell-normal-height"
                              col-id="id"
                              comp-id="55"
                              role="gridcell"
                              style="left: 200px; width: 200px;"
                              tabindex="-1"
                            >
                              3
                            </div>
                            <div
                              aria-colindex="3"
                              class="ag-cell-value ag-cell ag-cell-not-inline-editing ag-cell-normal-height"
                              col-id="name"
                              comp-id="56"
                              role="gridcell"
                              style="left: 400px; width: 200px;"
                              tabindex="-1"
                            >
                              Brigitte Bardot
                            </div>
                            <div
                              aria-colindex="4"
                              class="ag-cell-value ag-cell ag-cell-not-inline-editing ag-cell-normal-height"
                              col-id="birth"
                              comp-id="57"
                              role="gridcell"
                              style="left: 600px; width: 200px;"
                              tabindex="-1"
                            >
                              1934
                            </div>
                          </div>
                          <div
                            aria-label="Press SPACE to select this row."
                            aria-rowindex="5"
                            class="ag-row-odd ag-row-no-focus ag-row-not-inline-editing ag-row ag-row-level-0 ag-row-position-absolute"
                            comp-id="58"
                            role="row"
                            row-id="3"
                            row-index="3"
                            style="transform: translateY(126px); height: 42px;"
                          >
                            <div
                              aria-colindex="1"
                              class="ag-cell ag-cell-not-inline-editing ag-cell-auto-height"
                              col-id="movies"
                              comp-id="59"
                              role="gridcell"
                              style="left: 0px; width: 200px;"
                              tabindex="-1"
                            >
                              <div
                                class="ag-cell-wrapper"
                                role="presentation"
                              >
                                <span
                                  class="ag-cell-value"
                                  role="presentation"
                                >
                                  <movies-cell>
                                    <div>
                                      <span>
                                        La tierra de los toros from 2000
                                      </span>
                                    </div>
                                    <div>
                                      <span>
                                         from 
                                      </span>
                                    </div>
                                  </movies-cell>
                                </span>
                              </div>
                            </div>
                            <div
                              aria-colindex="2"
                              class="ag-cell-value ag-cell ag-cell-not-inline-editing ag-cell-normal-height"
                              col-id="id"
                              comp-id="60"
                              role="gridcell"
                              style="left: 200px; width: 200px;"
                              tabindex="-1"
                            >
                              4
                            </div>
                            <div
                              aria-colindex="3"
                              class="ag-cell-value ag-cell ag-cell-not-inline-editing ag-cell-normal-height"
                              col-id="name"
                              comp-id="61"
                              role="gridcell"
                              style="left: 400px; width: 200px;"
                              tabindex="-1"
                            >
                              John Belushi
                            </div>
                            <div
                              aria-colindex="4"
                              class="ag-cell-value ag-cell ag-cell-not-inline-editing ag-cell-normal-height"
                              col-id="birth"
                              comp-id="62"
                              role="gridcell"
                              style="left: 600px; width: 200px;"
                              tabindex="-1"
                            >
                              1949
                            </div>
                          </div>
                          <div
                            aria-label="Press SPACE to select this row."
                            aria-rowindex="6"
                            class="ag-row-even ag-row-no-focus ag-row-not-inline-editing ag-row ag-row-level-0 ag-row-position-absolute"
                            comp-id="63"
                            role="row"
                            row-id="4"
                            row-index="4"
                            style="transform: translateY(168px); height: 42px;"
                          >
                            <div
                              aria-colindex="1"
                              class="ag-cell ag-cell-not-inline-editing ag-cell-auto-height"
                              col-id="movies"
                              comp-id="64"
                              role="gridcell"
                              style="left: 0px; width: 200px;"
                              tabindex="-1"
                            >
                              <div
                                class="ag-cell-wrapper"
                                role="presentation"
                              >
                                <span
                                  class="ag-cell-value"
                                  role="presentation"
                                >
                                  <movies-cell>
                                    <div>
                                      <span>
                                         from 
                                      </span>
                                    </div>
                                    <div>
                                      <span>
                                         from 
                                      </span>
                                    </div>
                                  </movies-cell>
                                </span>
                              </div>
                            </div>
                            <div
                              aria-colindex="2"
                              class="ag-cell-value ag-cell ag-cell-not-inline-editing ag-cell-normal-height"
                              col-id="id"
                              comp-id="65"
                              role="gridcell"
                              style="left: 200px; width: 200px;"
                              tabindex="-1"
                            >
                              5
                            </div>
                            <div
                              aria-colindex="3"
                              class="ag-cell-value ag-cell ag-cell-not-inline-editing ag-cell-normal-height"
                              col-id="name"
                              comp-id="66"
                              role="gridcell"
                              style="left: 400px; width: 200px;"
                              tabindex="-1"
                            >
                              Ingmar Bergman
                            </div>
                            <div
                              aria-colindex="4"
                              class="ag-cell-value ag-cell ag-cell-not-inline-editing ag-cell-normal-height"
                              col-id="birth"
                              comp-id="67"
                              role="gridcell"
                              style="left: 600px; width: 200px;"
                              tabindex="-1"
                            >
                              1918
                            </div>
                          </div>
                          <div
                            aria-label="Press SPACE to select this row."
                            aria-rowindex="7"
                            class="ag-row-odd ag-row-no-focus ag-row-not-inline-editing ag-row ag-row-level-0 ag-row-position-absolute"
                            comp-id="68"
                            role="row"
                            row-id="5"
                            row-index="5"
                            style="transform: translateY(210px); height: 42px;"
                          >
                            <div
                              aria-colindex="1"
                              class="ag-cell ag-cell-not-inline-editing ag-cell-auto-height"
                              col-id="movies"
                              comp-id="69"
                              role="gridcell"
                              style="left: 0px; width: 200px;"
                              tabindex="-1"
                            >
                              <div
                                class="ag-cell-wrapper"
                                role="presentation"
                              >
                                <span
                                  class="ag-cell-value"
                                  role="presentation"
                                >
                                  <movies-cell>
                                    <div>
                                      <span>
                                         from 
                                      </span>
                                    </div>
                                    <div>
                                      <span>
                                         from 
                                      </span>
                                    </div>
                                  </movies-cell>
                                </span>
                              </div>
                            </div>
                            <div
                              aria-colindex="2"
                              class="ag-cell-value ag-cell ag-cell-not-inline-editing ag-cell-normal-height"
                              col-id="id"
                              comp-id="70"
                              role="gridcell"
                              style="left: 200px; width: 200px;"
                              tabindex="-1"
                            >
                              6
                            </div>
                            <div
                              aria-colindex="3"
                              class="ag-cell-value ag-cell ag-cell-not-inline-editing ag-cell-normal-height"
                              col-id="name"
                              comp-id="71"
                              role="gridcell"
                              style="left: 400px; width: 200px;"
                              tabindex="-1"
                            >
                              Ingrid Bergman
                            </div>
                            <div
                              aria-colindex="4"
                              class="ag-cell-value ag-cell ag-cell-not-inline-editing ag-cell-normal-height"
                              col-id="birth"
                              comp-id="72"
                              role="gridcell"
                              style="left: 600px; width: 200px;"
                              tabindex="-1"
                            >
                              1915
                            </div>
                          </div>
                          <div
                            aria-label="Press SPACE to select this row."
                            aria-rowindex="8"
                            class="ag-row-even ag-row-no-focus ag-row-not-inline-editing ag-row ag-row-level-0 ag-row-position-absolute ag-row-last"
                            comp-id="73"
                            role="row"
                            row-id="6"
                            row-index="6"
                            style="transform: translateY(252px); height: 42px;"
                          >
                            <div
                              aria-colindex="1"
                              class="ag-cell ag-cell-not-inline-editing ag-cell-auto-height"
                              col-id="movies"
                              comp-id="74"
                              role="gridcell"
                              style="left: 0px; width: 200px;"
                              tabindex="-1"
                            >
                              <div
                                class="ag-cell-wrapper"
                                role="presentation"
                              >
                                <span
                                  class="ag-cell-value"
                                  role="presentation"
                                >
                                  <movies-cell>
                                    <div>
                                      <span>
                                         from 
                                      </span>
                                    </div>
                                    <div>
                                      <span>
                                         from 
                                      </span>
                                    </div>
                                  </movies-cell>
                                </span>
                              </div>
                            </div>
                            <div
                              aria-colindex="2"
                              class="ag-cell-value ag-cell ag-cell-not-inline-editing ag-cell-normal-height"
                              col-id="id"
                              comp-id="75"
                              role="gridcell"
                              style="left: 200px; width: 200px;"
                              tabindex="-1"
                            >
                              7
                            </div>
                            <div
                              aria-colindex="3"
                              class="ag-cell-value ag-cell ag-cell-not-inline-editing ag-cell-normal-height"
                              col-id="name"
                              comp-id="76"
                              role="gridcell"
                              style="left: 400px; width: 200px;"
                              tabindex="-1"
                            >
                              Humphrey Bogart
                            </div>
                            <div
                              aria-colindex="4"
                              class="ag-cell-value ag-cell ag-cell-not-inline-editing ag-cell-normal-height"
                              col-id="birth"
                              comp-id="77"
                              role="gridcell"
                              style="left: 600px; width: 200px;"
                              tabindex="-1"
                            >
                              1899
                            </div>
                          </div>
                        </div>
                      </div>
                    </div>
                    <div
                      aria-hidden="true"
                      class="ag-pinned-right-cols-container ag-hidden"
                      name="right"
                      ref="rightContainer"
                      role="presentation"
                      style="height: 294px; width: 0px; max-width: 0px; min-width: 0px;"
                    />
                    <div
                      class="ag-full-width-container"
                      name="fullWidth"
                      ref="fullWidthContainer"
                      role="presentation"
                      style="width: calc(100% - 0px); height: 294px;"
                    />
                  </div>
                </div>
                <div
                  aria-hidden="true"
                  class="ag-body-vertical-scroll ag-hidden"
                  style="width: 0px; max-width: 0px; min-width: 0px;"
                >
                  <div
                    class="ag-body-vertical-scroll-viewport"
                    ref="eViewport"
                    style="width: 0px; max-width: 0px; min-width: 0px;"
                  >
                    <div
                      class="ag-body-vertical-scroll-container"
                      ref="eContainer"
                      style="width: 0px; max-width: 0px; min-width: 0px; height: 294px;"
                    />
                  </div>
                </div>
              </div>
              <div
                class="ag-sticky-top"
                ref="eStickyTop"
                role="presentation"
                style="top: 49px; width: 100%;"
              >
                <div
                  aria-hidden="true"
                  class="ag-pinned-left-sticky-top ag-hidden"
                  name="stickyTopLeft"
                  ref="stickyTopLeftContainer"
                  role="presentation"
                  style="width: 0px; max-width: 0px; min-width: 0px;"
                />
                <div
                  class="ag-sticky-top-viewport"
                  name="stickyTopCenter"
                  ref="stickyTopCenterContainer"
                  role="presentation"
                >
                  <div
                    class="ag-sticky-top-container"
                    ref="eContainer"
                    role="presentation"
                    style="width: 800px;"
                  />
                </div>
                <div
                  aria-hidden="true"
                  class="ag-pinned-right-sticky-top ag-hidden"
                  name="stickyTopRight"
                  ref="stickyTopRightContainer"
                  role="presentation"
                  style="width: 0px; max-width: 0px; min-width: 0px;"
                />
                <div
                  class="ag-sticky-top-full-width-container"
                  name="stickyTopFullWidth"
                  ref="stickyTopFullWidthContainer"
                  role="presentation"
                />
              </div>
              <div
                class="ag-floating-bottom"
                ref="eBottom"
                role="presentation"
                style="min-height: 0px; height: 0px; display: none; overflow-y: hidden;"
              >
                <div
                  aria-hidden="true"
                  class="ag-pinned-left-floating-bottom ag-hidden"
                  name="bottomLeft"
                  ref="bottomLeftContainer"
                  role="presentation"
                  style="width: 0px; max-width: 0px; min-width: 0px;"
                />
                <div
                  class="ag-floating-bottom-viewport"
                  name="bottomCenter"
                  ref="bottomCenterContainer"
                  role="presentation"
                >
                  <div
                    class="ag-floating-bottom-container"
                    ref="eContainer"
                    role="presentation"
                    style="width: 800px;"
                  />
                </div>
                <div
                  aria-hidden="true"
                  class="ag-pinned-right-floating-bottom ag-hidden"
                  name="bottomRight"
                  ref="bottomRightContainer"
                  role="presentation"
                  style="width: 0px; max-width: 0px; min-width: 0px;"
                />
                <div
                  class="ag-floating-bottom-full-width-container"
                  name="bottomFullWidth"
                  ref="bottomFullWidthContainer"
                  role="presentation"
                />
              </div>
              <div
                aria-hidden="true"
                class="ag-body-horizontal-scroll ag-hidden"
                style="height: 0px; max-height: 0px; min-height: 0px;"
              >
                <div
                  class="ag-horizontal-left-spacer"
                  ref="eLeftSpacer"
                  style="width: 0px; max-width: 0px; min-width: 0px;"
                />
                <div
                  class="ag-body-horizontal-scroll-viewport"
                  ref="eViewport"
                  style="height: 0px; max-height: 0px; min-height: 0px;"
                >
                  <div
                    class="ag-body-horizontal-scroll-container"
                    ref="eContainer"
                    style="height: 0px; max-height: 0px; min-height: 0px; width: 800px;"
                  />
                </div>
                <div
                  class="ag-horizontal-right-spacer"
                  ref="eRightSpacer"
                  style="width: 0px; max-width: 0px; min-width: 0px;"
                />
              </div>
              <div
                aria-hidden="true"
                class="ag-overlay ag-hidden"
              >
                <div
                  class="ag-overlay-panel"
                >
                  <div
                    class="ag-overlay-wrapper ag-layout-normal"
                    ref="eOverlayWrapper"
                  />
                </div>
              </div>
            </div>
            <div
              class="ag-tab-guard ag-tab-guard-bottom"
              role="presentation"
              tabindex="0"
            />
          </div>
          <div
            aria-hidden="true"
            class="ag-paging-panel ag-unselectable ag-hidden"
            id="ag-25"
          >
            <span
              class="ag-paging-row-summary-panel"
              role="status"
            >
              <span
                class="ag-paging-row-summary-panel-number"
                id="ag-25-first-row"
                ref="lbFirstRowOnPage"
              />
              <span
                id="ag-25-to"
              >
                to
              </span>
              <span
                class="ag-paging-row-summary-panel-number"
                id="ag-25-last-row"
                ref="lbLastRowOnPage"
              />
              <span
                id="ag-25-of"
              >
                of
              </span>
              <span
                class="ag-paging-row-summary-panel-number"
                id="ag-25-row-count"
                ref="lbRecordCount"
              />
            </span>
            <span
              class="ag-paging-page-summary-panel"
              role="presentation"
            >
              <div
                aria-label="First Page"
                class="ag-paging-button"
                ref="btFirst"
                role="button"
              >
                <span
                  class="ag-icon ag-icon-first"
                  role="presentation"
                  unselectable="on"
                />
              </div>
              <div
                aria-label="Previous Page"
                class="ag-paging-button"
                ref="btPrevious"
                role="button"
              >
                <span
                  class="ag-icon ag-icon-previous"
                  role="presentation"
                  unselectable="on"
                />
              </div>
              <span
                class="ag-paging-description"
                role="status"
              >
                <span
                  id="ag-25-start-page"
                >
                  Page
                </span>
                <span
                  class="ag-paging-number"
                  id="ag-25-start-page-number"
                  ref="lbCurrent"
                />
                <span
                  id="ag-25-of-page"
                >
                  of
                </span>
                <span
                  class="ag-paging-number"
                  id="ag-25-of-page-number"
                  ref="lbTotal"
                />
              </span>
              <div
                aria-label="Next Page"
                class="ag-paging-button"
                ref="btNext"
                role="button"
              >
                <span
                  class="ag-icon ag-icon-next"
                  role="presentation"
                  unselectable="on"
                />
              </div>
              <div
                aria-label="Last Page"
                class="ag-paging-button"
                ref="btLast"
                role="button"
              >
                <span
                  class="ag-icon ag-icon-last"
                  role="presentation"
                  unselectable="on"
                />
              </div>
            </span>
          </div>
        </div>
      </ag-grid-angular>
    </nb-card-body>
  </nb-card>
</app-people>
`;
