// Jest Snapshot v1, https://goo.gl/fbAQLP

exports[`app > information > people > people.component.spec.ts should match snapshot 1`] = `
<app-people
  __isFetching$__selector={[Function Observable]}
  alive={[Function Boolean]}
  directorsPlaceholder={[Function String]}
  router={[Function Router]}
  searchService={[Function NbSearchService]}
  starsPlaceholder={[Function String]}
  store={[Function Store]}
>
  <nb-spinner
    class="spinner size-medium status-basic"
    status="basic"
  >
    <span
      class="spin-circle"
    />
    <span
      class="message"
    >
      Loading...
    </span>
  </nb-spinner>
</app-people>
`;
