// Jest Snapshot v1, https://goo.gl/fbAQLP

exports[`app > information > movies > movies-overview > movies-overview.component.spec.ts should match snapshot 1`] = `
<app-movies-overview
  TOP_SIZE_LIST={[Function Number]}
  __isFetching$__selector={[Function Observable]}
  alive={[Function Boolean]}
  authService={[Function AuthService]}
  nbToastrService={[Function NbToastrService]}
  route={[Function ActivatedRoute]}
  router={[Function Router]}
  store={[Function Store]}
  user="null"
>
  <nb-spinner
    class="spinner size-medium status-basic"
    status="basic"
  >
    <span
      class="spin-circle"
    />
    <span
      class="message"
    >
      Loading...
    </span>
  </nb-spinner>
</app-movies-overview>
`;
