// Jest Snapshot v1, https://goo.gl/fbAQLP

exports[`components > bm-layout > bm-layout.component.spec.ts should match snapshot 1`] = `
<bm-layout
  GENERAL_MENU_ITEMS={[Function Array]}
  isToggled="false"
  sideBarService={[Function NbSidebarService]}
>
  <nb-layout>
    <div
      class="scrollable-container"
    >
      <div
        class="layout"
      >
        <nb-layout-header
          class="fixed"
          fixed=""
        >
          <nav
            class="fixed"
          >
            <button
              ghost=""
              nbbutton=""
              shape="round"
            >
              <nb-icon />
            </button>
            <a
              href="#"
            >
              <i
                class="nb-menu"
              />
            </a>
          </nav>
        </nb-layout-header>
        <div
          class="layout-container"
        >
          <nb-sidebar
            class="left expanded"
          >
            <div
              class="main-container main-container-fixed"
            >
              <div
                class="scrollable"
              >
                <nb-menu />
              </div>
            </div>
          </nb-sidebar>
          <div
            class="content"
          >
            <div
              class="columns"
            >
              <nb-layout-column
                class="colored-column-basic"
              >
                <router-outlet />
              </nb-layout-column>
            </div>
          </div>
        </div>
      </div>
    </div>
  </nb-layout>
</bm-layout>
`;
